{"data":{"log_version":3,"version":"=2.0.0-preview.196"},"info":{"category":"","code":"A001","extra":{},"invocation_id":"019f4753-1139-7671-bc2b-ddfe228a23c8","level":"info","msg":"Running with dbt-fusion=2.0.0-preview.196","name":"MainReportVersion","pid":46570,"thread":"tokio-rt-worker","ts":"2026-07-09T14:40:54.091968Z"}}
{"data":{"args":{"debug":"false","invocation_command":"/Users/nathan/.local/bin/dbt license info --json --log-format json","log_format":"json","quiet":"false","write_json":"true"}},"info":{"category":"","code":"A002","extra":{},"invocation_id":"019f4753-1139-7671-bc2b-ddfe228a23c8","level":"debug","msg":"running dbt-fusion with arguments {\"command\":\"license\",\"vars\":\"{}\",\"limit\":\"10\",\"debug\":false,\"log_format\":\"json\",\"quiet\":false,\"write_json\":true,\"write_catalog\":false,\"manage_state\":false}","name":"MainReportArgs","pid":46570,"thread":"tokio-rt-worker","ts":"2026-07-09T14:40:54.092476Z"}}
{"data":{},"info":{"category":"","code":"","extra":{},"invocation_id":"019f4753-1139-7671-bc2b-ddfe228a23c8","level":"debug","msg":"No platform credentials found, skipping remote license","name":"Generic","pid":46570,"thread":"tokio-rt-worker","ts":"2026-07-09T14:40:54.263965Z"}}
{"data":{},"info":{"category":"","code":"","extra":{},"invocation_id":"019f4753-1139-7671-bc2b-ddfe228a23c8","level":"debug","msg":"Requesting trial license from https://cloud.getdbt.com/api/private/trial-licenses/","name":"Generic","pid":46570,"thread":"main","ts":"2026-07-09T14:40:54.616442Z"}}
{"data":{},"info":{"category":"","code":"","extra":{},"invocation_id":"019f4753-1139-7671-bc2b-ddfe228a23c8","level":"debug","msg":"Trial license retrieved","name":"Generic","pid":46570,"thread":"main","ts":"2026-07-09T14:40:54.952803Z"}}
{"data":{},"info":{"category":"","code":"","extra":{},"invocation_id":"019f4753-1139-7671-bc2b-ddfe228a23c8","level":"debug","msg":"License loaded from trial license server","name":"Generic","pid":46570,"thread":"tokio-rt-worker","ts":"2026-07-09T14:40:55.093560Z"}}
{"data":{"columns":[],"is_inline":true,"node_name":"license_info","output_format":"json","preview":"{\n  \"status\": \"valid\",\n  \"licensing_enabled\": true,\n  \"features\": [\n    \"compare\",\n    \"strict-static-analysis\"\n  ],\n  \"issued_at\": \"2026-07-09T14:40:54+00:00\",\n  \"expires_at\": \"2026-07-23T14:40:52+00:00\",\n  \"license_type\": \"trial\",\n  \"machine_id\": \"c1b50bda630037735c3560e7bc08b866ac64af2c0f763a3b62e0ffaddfc7bd5b\",\n  \"days_remaining\": 13,\n  \"trial_start_date\": \"2026-07-09T14:40:52+00:00\"\n}","unique_id":"license.info"},"info":{"category":"","code":"Q041","extra":{},"invocation_id":"019f4753-1139-7671-bc2b-ddfe228a23c8","level":"info","msg":"{\n  \"status\": \"valid\",\n  \"licensing_enabled\": true,\n  \"features\": [\n    \"compare\",\n    \"strict-static-analysis\"\n  ],\n  \"issued_at\": \"2026-07-09T14:40:54+00:00\",\n  \"expires_at\": \"2026-07-23T14:40:52+00:00\",\n  \"license_type\": \"trial\",\n  \"machine_id\": \"c1b50bda630037735c3560e7bc08b866ac64af2c0f763a3b62e0ffaddfc7bd5b\",\n  \"days_remaining\": 13,\n  \"trial_start_date\": \"2026-07-09T14:40:52+00:00\"\n}","name":"ShowNode","pid":46570,"thread":"tokio-rt-worker","ts":"2026-07-09T14:40:55.213780Z"}}
{"data":{"completed_at":"2026-07-09T14:40:55.238034Z","elapsed":1.147670030593872,"success":true},"info":{"category":"","code":"Q039","extra":{},"invocation_id":"019f4753-1139-7671-bc2b-ddfe228a23c8","level":"info","msg":"\n==================== Execution Summary =====================\nFinished 'license' successfully [1.1s]","name":"CommandCompleted","pid":46570,"thread":"tokio-rt-worker","ts":"2026-07-09T14:40:55.238554Z"}}
[0m23:13:30.101316 [debug] [MainThread]: Sending event: {'category': 'dbt', 'action': 'invocation', 'label': 'start', 'context': [<snowplow_tracker.self_describing_json.SelfDescribingJson object at 0x10c890e30>, <snowplow_tracker.self_describing_json.SelfDescribingJson object at 0x10d403140>, <snowplow_tracker.self_describing_json.SelfDescribingJson object at 0x10d402d80>]}


============================== 23:13:30.106585 | 27b1aa3a-46c0-4306-aa98-80af717ebd00 ==============================
[0m23:13:30.106585 [info ] [MainThread]: Running with dbt=1.11.12
[0m23:13:30.106949 [debug] [MainThread]: running dbt with arguments {'use_experimental_parser': 'False', 'no_print': 'None', 'empty': 'None', 'log_path': 'logs', 'target_path': 'None', 'introspect': 'True', 'partial_parse': 'True', 'fail_fast': 'False', 'write_json': 'True', 'warn_error': 'None', 'invocation_command': 'dbt parse', 'cache_selected_only': 'False', 'log_cache_events': 'False', 'indirect_selection': 'eager', 'use_colors': 'True', 'debug': 'False', 'log_format': 'default', 'warn_error_options': 'WarnErrorOptionsV2(error=[], warn=[], silence=[])', 'send_anonymous_usage_stats': 'True', 'printer_width': '80', 'profiles_dir': '/Users/nathan/.dbt', 'version_check': 'True', 'static_parser': 'True', 'quiet': 'False'}
[0m23:13:30.107339 [error] [MainThread]: Encountered an error:
Runtime Error
  No dbt_project.yml found at expected path /Users/nathan/Development/data-job-market-radar/dbt_project.yml
  Verify that each entry within packages.yml (and their transitive dependencies) contains a file named dbt_project.yml
  
[0m23:13:30.107713 [debug] [MainThread]: Resource report: {"command_name": "parse", "command_success": false, "command_wall_clock_time": 0.08083217, "process_in_blocks": "0", "process_kernel_time": 0.184244, "process_mem_max_rss": "111083520", "process_out_blocks": "0", "process_user_time": 0.751459}
[0m23:13:30.108023 [debug] [MainThread]: Command `dbt parse` failed at 23:13:30.107972 after 0.08 seconds
[0m23:13:30.108227 [debug] [MainThread]: Sending event: {'category': 'dbt', 'action': 'invocation', 'label': 'end', 'context': [<snowplow_tracker.self_describing_json.SelfDescribingJson object at 0x10d4032f0>, <snowplow_tracker.self_describing_json.SelfDescribingJson object at 0x10d403140>, <snowplow_tracker.self_describing_json.SelfDescribingJson object at 0x10d402fc0>]}
[0m23:13:30.108408 [debug] [MainThread]: Flushing usage events
[0m23:13:30.755330 [debug] [MainThread]: An error was encountered while trying to flush usage events
[0m23:13:59.815542 [debug] [MainThread]: Sending event: {'category': 'dbt', 'action': 'invocation', 'label': 'start', 'context': [<snowplow_tracker.self_describing_json.SelfDescribingJson object at 0x10c65d940>, <snowplow_tracker.self_describing_json.SelfDescribingJson object at 0x10d46b230>, <snowplow_tracker.self_describing_json.SelfDescribingJson object at 0x10d46ade0>]}


============================== 23:13:59.818766 | f301a1a7-361d-4d6c-bfdf-15d303c5c76c ==============================
[0m23:13:59.818766 [info ] [MainThread]: Running with dbt=1.11.12
[0m23:13:59.819093 [debug] [MainThread]: running dbt with arguments {'write_json': 'True', 'target_path': 'None', 'no_print': 'None', 'log_format': 'default', 'profiles_dir': '/Users/nathan/.dbt', 'introspect': 'True', 'partial_parse': 'True', 'version_check': 'True', 'invocation_command': 'dbt parse', 'log_path': 'logs', 'debug': 'False', 'use_colors': 'True', 'static_parser': 'True', 'empty': 'None', 'send_anonymous_usage_stats': 'True', 'fail_fast': 'False', 'log_cache_events': 'False', 'cache_selected_only': 'False', 'indirect_selection': 'eager', 'use_experimental_parser': 'False', 'quiet': 'False', 'warn_error': 'None', 'printer_width': '80', 'warn_error_options': 'WarnErrorOptionsV2(error=[], warn=[], silence=[])'}
[0m23:13:59.819454 [error] [MainThread]: Encountered an error:
Runtime Error
  No dbt_project.yml found at expected path /Users/nathan/Development/data-job-market-radar/dbt_project.yml
  Verify that each entry within packages.yml (and their transitive dependencies) contains a file named dbt_project.yml
  
[0m23:13:59.819793 [debug] [MainThread]: Resource report: {"command_name": "parse", "command_success": false, "command_wall_clock_time": 0.042835418, "process_in_blocks": "0", "process_kernel_time": 0.13343, "process_mem_max_rss": "110428160", "process_out_blocks": "0", "process_user_time": 0.658322}
[0m23:13:59.820085 [debug] [MainThread]: Command `dbt parse` failed at 23:13:59.820038 after 0.04 seconds
[0m23:13:59.820291 [debug] [MainThread]: Sending event: {'category': 'dbt', 'action': 'invocation', 'label': 'end', 'context': [<snowplow_tracker.self_describing_json.SelfDescribingJson object at 0x10d407800>, <snowplow_tracker.self_describing_json.SelfDescribingJson object at 0x10d46b350>, <snowplow_tracker.self_describing_json.SelfDescribingJson object at 0x10d46b3b0>]}
[0m23:13:59.820465 [debug] [MainThread]: Flushing usage events
[0m23:14:00.204617 [debug] [MainThread]: An error was encountered while trying to flush usage events
